
> nestjs-practice@0.0.1 test:e2e
> jest --config ./test/jest-e2e.json users.e2e-spec.ts

  console.log
    Database connection established successfully

      at AppService.onModuleInit (../src/app.service.ts:10:15)
          at Function.from (<anonymous>)

  console.log
    Database connection established successfully

      at AppService.onModuleInit (../src/app.service.ts:10:15)
          at Function.from (<anonymous>)

  console.log
    Database connection established successfully

      at AppService.onModuleInit (../src/app.service.ts:10:15)
          at Function.from (<anonymous>)

  console.log
    Database connection established successfully

      at AppService.onModuleInit (../src/app.service.ts:10:15)
          at Function.from (<anonymous>)

  console.log
    Database connection established successfully

      at AppService.onModuleInit (../src/app.service.ts:10:15)
          at Function.from (<anonymous>)

node.exe : [31m[Nest] 34888  - 
[39m17/01/2026, 14.36.45 [31m  ERROR[39m 
[38;5;3m[ExceptionsHandler] 
[39mReferenceError: user is not defined
At C:\Program Files\nodejs\npm.ps1:16 char:5
+     & "$basedir/node$exe"  
"$basedir/node_modules/npm/bin/npm-cli.js" ...
+     ~~~~~~~~~~~~~~~~~~~~~~~~~~~~~~~~~~~~~~~~~
~~~~~~~~~~~~~~~~~~~~~~~~
    + CategoryInfo          : NotSpecified: ( 
   [31m[Nest] 348... is not defined:String) [  
  ], RemoteException
    + FullyQualifiedErrorId : NativeCommandErr 
   or
 
    at UsersService.update [90m(D:\PRACTICE\ne
stjs-practice\[39msrc\users\users.service.ts:4
0:25[90m)[39m
    at UsersController.update [90m(D:\PRACTICE
\nestjs-practice\[39msrc\users\users.controlle
r.ts:39:30[90m)[39m
    at [90mD:\PRACTICE\nestjs-practice\[39mno
de_modules\[4m@nestjs\core[24m\router\router-
execution-context.js:38:29
[90m    at processTicksAndRejections 
(node:internal/process/task_queues:105:5)[39m
    at [90mD:\PRACTICE\nestjs-practice\[39mno
de_modules\[4m@nestjs\core[24m\router\router-
execution-context.js:46:28
    at [90mD:\PRACTICE\nestjs-practice\[39mno
de_modules\[4m@nestjs\core[24m\router\router-
proxy.js:9:17
  console.log
    Database connection established successfully

      at AppService.onModuleInit (../src/app.service.ts:10:15)
          at Function.from (<anonymous>)

  console.log
    Database connection established successfully

      at AppService.onModuleInit (../src/app.service.ts:10:15)
          at Function.from (<anonymous>)

FAIL test/users.e2e-spec.ts
  UsersController (e2e)
    ΓêÜ Create Role (360 ms)
    ΓêÜ /users (POST) (51 ms)
    ΓêÜ /users (GET) (82 ms)
    ΓêÜ /users/:id (GET) (35 ms)
    ├ù /users/:id (PATCH) (42 ms)
    ΓêÜ /users/:id (DELETE) (46 ms)
    ΓêÜ Delete Role (39 ms)

  ΓùÅ UsersController (e2e) ΓÇ║ /users/:id 
(PATCH)

    expected 200 "OK", got 500 "Internal 
Server Error"

    [0m [90m 70 |[39m       [33m.[39mpatch
([32m`/users/${createdUserId}`[39m)
     [90m 71 |[39m       [33m.[39msend({ 
name[33m:[39m [32m'Jane Doe'[39m })
    [31m[1m>[22m[39m[90m 72 |[39m       
[33m.[39mexpect([35m200[39m)[33m;[39m
     [90m    |[39m        
[31m[1m^[22m[39m
     [90m 73 |[39m
     [90m 74 |[39m     expect(res[33m.[39mb
ody[33m.[39mname)[33m.[39mtoEqual([32m'Jan
e Doe'[39m)[33m;[39m
     [90m 75 |[39m   })[33m;[39m[0m

      at Object.<anonymous> 
(users.e2e-spec.ts:72:8)
      ----
      at Test._assertStatus 
(../node_modules/supertest/lib/test.js:309:14)
      at 
../node_modules/supertest/lib/test.js:365:13
      at Test._assertFunction 
(../node_modules/supertest/lib/test.js:342:13)
      at Test.assert 
(../node_modules/supertest/lib/test.js:195:23)
      at localAssert 
(../node_modules/supertest/lib/test.js:138:14)
      at Server.<anonymous> 
(../node_modules/supertest/lib/test.js:152:11)

Test Suites: 1 failed, 1 total
Tests:       1 failed, 6 passed, 7 total
Snapshots:   0 total
Time:        2.144 s
Ran all test suites matching users.e2e-spec.ts.
Jest did not exit one second after the test 
run has completed.

'This usually means that there are 
asynchronous operations that weren't stopped 
in your tests. Consider running Jest with 
`--detectOpenHandles` to troubleshoot this 
issue.
